^(cliq.zoho.com|chat.zoho.com)/	L7-3667005.https
^(jan21haproxydyupstest.com)/	L7-3667005.https
^(testjan21.com)/	L7-3667005.https
^(jan23testdyuphaproxy.localzoho.com)/	LBMon-12242387.https
^(jan23zactesthaproxydyups.localzoho.com)/	LBMon-12242387.https
^(jantest23dyuphaproxy.localzoho.com)/	LBMon-12242387.https
^(jan23test1609.localzoho.com)/	L7-3667005.https
^(cortesthaproydyupsadd.localzoho.com)/	L7-5171451.https
^(testwithonetimedyupsszac.localzoho.com)/	L7-3667005.https
^(testhadddomain1649.localzoho.com)/	L7-3667005.https
^(domainjan231651.com)/	L7-3667005.https
^(testjan23331759.localzoho.com)/	L7-3667005.https
^(jan232323232.localzoho.com)/	L7-3667005.https
^(jan231808test.com)/	L7-3667005.https
^(jan27zac1048.localzoho.com)/	L7-3667005.https
^(jan27zac1058.localzoho.com)/	L7-5171451.https
^(jan271321.localzoho.com|zohotest2.localzoho.com)/	L7-3667005.https
^(jan271336.localzoho.com)/	L7-3667005.https
^(jan271340.localzoho.com|zohotest.zoho.com)/	L7-3667005.https
^(jan27zac1857.localzoho.com|bookmarks.zoho.com)/	LBMon-12242387.https
^(jan27zac1910.localzoho.com)/	LBMon-12242387.https
^(jan28zac16122.localzoho.com)/	LBMon-12242387.https
^(frb24zdcm1816.localzoho.com)/	L7-3667005.https
^(feb24zac1819.localzoho.com)/	L7-3667005.https
^(feb24zac1842.localzoho.com)/	L7-3667005.https
^(feb25sac1541.localzoho.com)/	L7-3667005.https
^(feb27testdomain.localzoho.com)/	L7-3667005.https
